
> whoisalfaz-v2@0.1.0 build
> next build

Γû▓ Next.js 16.1.3 (Turbopack)
- Environments: .env.local, .env

  Creating an optimized production build ...
npm : 
At line:1 char:1
+ npm run build > build_error.log 2>&1
+ ~~~~~~~~~~~~~~~~~~~~~~~~~~~~~~~~~~~~
    + CategoryInfo          : NotSpecified: 
    (:String) [], RemoteException
    + FullyQualifiedErrorId : NativeCommand 
   Error
 
> Build error occurred
Error: Turbopack build failed with 1 errors:
./app/labs/roi/page.js:8:14
Ecmascript file had an error
[0m [90m  6 |[39m [36mimport[39m { 
motion } [36mfrom[39m 
[32m'framer-motion'[39m[33m;[39m
 [90m  7 |[39m
[31m[1m>[22m[39m[90m  8 |[39m 
[36mexport[39m [36mconst[39m metadata 
[33m=[39m {
 [90m    |[39m              [31m[1m^[22
m[39m[31m[1m^[22m[39m[31m[1m^[22m[3
9m[31m[1m^[22m[39m[31m[1m^[22m[39m[
31m[1m^[22m[39m[31m[1m^[22m[39m[31m
[1m^[22m[39m
 [90m  9 |[39m     title[33m:[39m 
[32m"ROI Calculator | Real Cost of Manual 
Work"[39m[33m,[39m
 [90m 10 |[39m     description[33m:[39m 
[32m"Calculate exactly how much money you 
can save by automating your manual tasks. 
Find the hidden drain on your business 
resources."[39m[33m,[39m
 [90m 11 |[39m     alternates[33m:[39m 
{[0m

You are attempting to export "metadata" 
from a component marked with "use client", 
which is disallowed. Either remove the 
export, or the "use client" directive. Read 
more: https://nextjs.org/docs/app/api-refere
nce/directives/use-client



Import traces:
  Client Component Browser:
    ./app/labs/roi/page.js [Client 
Component Browser]
    ./app/labs/roi/page.js [Server 
Component]

  Client Component SSR:
    ./app/labs/roi/page.js [Client 
Component SSR]
    ./app/labs/roi/page.js [Server 
Component]


    at <unknown> 
(./app/labs/roi/page.js:8:14)
